-- Found ament_cmake: 2.8.8 (/opt/ros/lyrical/share/ament_cmake/cmake)
-- Found rclcpp: 32.0.3 (/opt/ros/lyrical/share/rclcpp/cmake)
-- Found rosidl_generator_c: 5.2.1 (/opt/ros/lyrical/share/rosidl_generator_c/cmake)
-- Found rosidl_generator_cpp: 5.2.1 (/opt/ros/lyrical/share/rosidl_generator_cpp/cmake)
-- Using all available rosidl_typesupport_c: rosidl_typesupport_fastrtps_c;rosidl_typesupport_introspection_c
-- Using all available rosidl_typesupport_cpp: rosidl_typesupport_fastrtps_cpp;rosidl_typesupport_introspection_cpp
-- Found rmw_implementation_cmake: 7.10.2 (/opt/ros/lyrical/share/rmw_implementation_cmake/cmake)
-- Found rmw_fastrtps_cpp: 9.4.10 (/opt/ros/lyrical/share/rmw_fastrtps_cpp/cmake)
-- Using RMW implementation 'rmw_fastrtps_cpp' as default
-- Found nav_msgs: 5.9.3 (/opt/ros/lyrical/share/nav_msgs/cmake)
-- Found ament_cmake_gtest: 2.8.8 (/opt/ros/lyrical/share/ament_cmake_gtest/cmake)
-- Configuring done (0.8s)
-- Generating done (0.0s)
-- Build files have been written to: /home/allan/ros2_ws/build/astar
[ 33%] Built target astar_core
[ 66%] Built target test_astar
[ 83%] [32mBuilding CXX object CMakeFiles/astar_node.dir/src/astar_node.cpp.o[0m
[100%] [1m[32mLinking CXX executable astar_node[0m
[100%] Built target astar_node
-- Install configuration: ""
-- Installing: /home/allan/ros2_ws/install/astar/lib/astar/astar_node
-- Set non-toolchain portion of runtime path of "/home/allan/ros2_ws/install/astar/lib/astar/astar_node" to ""
-- Installing: /home/allan/ros2_ws/install/astar/lib/libastar_core.so
-- Up-to-date: /home/allan/ros2_ws/install/astar/include
-- Up-to-date: /home/allan/ros2_ws/install/astar/include/astar
-- Up-to-date: /home/allan/ros2_ws/install/astar/include/astar/astar.hpp
-- Up-to-date: /home/allan/ros2_ws/install/astar/share/ament_index/resource_index/package_run_dependencies/astar
-- Installing: /home/allan/ros2_ws/install/astar/share/ament_index/resource_index/parent_prefix_path/astar
-- Up-to-date: /home/allan/ros2_ws/install/astar/share/astar/environment/ament_prefix_path.sh
-- Up-to-date: /home/allan/ros2_ws/install/astar/share/astar/environment/ament_prefix_path.dsv
-- Up-to-date: /home/allan/ros2_ws/install/astar/share/astar/environment/path.sh
-- Up-to-date: /home/allan/ros2_ws/install/astar/share/astar/environment/path.dsv
-- Up-to-date: /home/allan/ros2_ws/install/astar/share/astar/local_setup.bash
-- Up-to-date: /home/allan/ros2_ws/install/astar/share/astar/local_setup.fish
-- Up-to-date: /home/allan/ros2_ws/install/astar/share/astar/local_setup.sh
-- Up-to-date: /home/allan/ros2_ws/install/astar/share/astar/local_setup.zsh
-- Up-to-date: /home/allan/ros2_ws/install/astar/share/astar/local_setup.dsv
-- Installing: /home/allan/ros2_ws/install/astar/share/astar/package.dsv
-- Up-to-date: /home/allan/ros2_ws/install/astar/share/ament_index/resource_index/packages/astar
-- Up-to-date: /home/allan/ros2_ws/install/astar/share/astar/cmake/astarConfig.cmake
-- Up-to-date: /home/allan/ros2_ws/install/astar/share/astar/cmake/astarConfig-version.cmake
-- Up-to-date: /home/allan/ros2_ws/install/astar/share/astar/package.xml
