[-1790668163982440448.000s] DEBUG:colcon:Command line arguments: ['/usr/bin/colcon', 'build', '--packages-select', 'astar']
[-1790668163982440448.000s] DEBUG:colcon:Parsed command line arguments: Namespace(log_base=None, log_level=None, verb_name='build', build_base='build', install_base='install', merge_install=False, symlink_install=False, test_result_base=None, continue_on_error=False, executor='parallel', parallel_workers=8, event_handlers=None, ignore_user_meta=False, metas=['./colcon.meta'], base_paths=['.'], packages_ignore=None, packages_ignore_regex=None, paths=None, packages_up_to=None, packages_up_to_regex=None, packages_above=None, packages_above_and_dependencies=None, packages_above_depth=None, packages_select_by_dep=None, packages_skip_by_dep=None, packages_skip_up_to=None, packages_select_build_failed=False, packages_skip_build_finished=False, packages_select_test_failures=False, packages_skip_test_passed=False, packages_select=['astar'], packages_skip=None, packages_select_regex=None, packages_skip_regex=None, packages_start=None, packages_end=None, allow_overriding=[], cmake_args=None, cmake_target=None, cmake_target_skip_unavailable=False, cmake_clean_cache=False, cmake_clean_first=False, cmake_force_configure=False, ament_cmake_args=None, catkin_cmake_args=None, catkin_skip_building_tests=False, verb_parser=<colcon_defaults.argument_parser.defaults.DefaultArgumentsDecorator object at 0x7e7a0c67b890>, verb_extension=<colcon_core.verb.build.BuildVerb object at 0x7e7a0c675fd0>, main=<bound method BuildVerb.main of <colcon_core.verb.build.BuildVerb object at 0x7e7a0c675fd0>>)
[-1790668163982440448.000s] Level 1:colcon.colcon_core.package_discovery:discover_packages(colcon_meta) check parameters
[-1790668163982440448.000s] Level 1:colcon.colcon_core.package_discovery:discover_packages(recursive) check parameters
[-1790668163982440448.000s] Level 1:colcon.colcon_core.package_discovery:discover_packages(ignore) check parameters
[-1790668163982440448.000s] Level 1:colcon.colcon_core.package_discovery:discover_packages(path) check parameters
[-1790668163982440448.000s] Level 1:colcon.colcon_core.package_discovery:discover_packages(colcon_meta) discover
[-1790668163982440448.000s] Level 1:colcon.colcon_core.package_discovery:discover_packages(recursive) discover
[-1790668163982440448.000s] INFO:colcon.colcon_core.package_discovery:Crawling recursively for packages in '/home/allan/ros2_ws'
[-1790668163982440448.000s] Level 1:colcon.colcon_core.package_identification:_identify(.) by extensions ['ignore', 'ignore_ament_install']
[-1790668163982440448.000s] Level 1:colcon.colcon_core.package_identification:_identify(.) by extension 'ignore'
[-1790668163982440448.000s] Level 1:colcon.colcon_core.package_identification:_identify(.) by extension 'ignore_ament_install'
[-1790668163982440448.000s] Level 1:colcon.colcon_core.package_identification:_identify(.) by extensions ['colcon_pkg']
[-1790668163982440448.000s] Level 1:colcon.colcon_core.package_identification:_identify(.) by extension 'colcon_pkg'
[-1790668163982440448.000s] Level 1:colcon.colcon_core.package_identification:_identify(.) by extensions ['colcon_meta']
[-1790668163982440448.000s] Level 1:colcon.colcon_core.package_identification:_identify(.) by extension 'colcon_meta'
[-1790668163982440448.000s] Level 1:colcon.colcon_core.package_identification:_identify(.) by extensions ['ros']
[-1790668163982440448.000s] Level 1:colcon.colcon_core.package_identification:_identify(.) by extension 'ros'
[-1790668163982440448.000s] Level 1:colcon.colcon_core.package_identification:_identify(.) by extensions ['cmake', 'python']
[-1790668163982440448.000s] Level 1:colcon.colcon_core.package_identification:_identify(.) by extension 'cmake'
[-1790668163982440448.000s] Level 1:colcon.colcon_core.package_identification:_identify(.) by extension 'python'
[-1790668163982440448.000s] Level 1:colcon.colcon_core.package_identification:_identify(.) by extensions ['python_setup_py']
[-1790668163982440448.000s] Level 1:colcon.colcon_core.package_identification:_identify(.) by extension 'python_setup_py'
[-1790668163982440448.000s] Level 1:colcon.colcon_core.package_identification:_identify(build) by extensions ['ignore', 'ignore_ament_install']
[-1790668163982440448.000s] Level 1:colcon.colcon_core.package_identification:_identify(build) by extension 'ignore'
[-1790668163982440448.000s] Level 1:colcon.colcon_core.package_identification:_identify(build) ignored
[-1790668163982440448.000s] Level 1:colcon.colcon_core.package_identification:_identify(install) by extensions ['ignore', 'ignore_ament_install']
[-1790668163982440448.000s] Level 1:colcon.colcon_core.package_identification:_identify(install) by extension 'ignore'
[-1790668163982440448.000s] Level 1:colcon.colcon_core.package_identification:_identify(install) ignored
[-1790668163982440448.000s] Level 1:colcon.colcon_core.package_identification:_identify(log) by extensions ['ignore', 'ignore_ament_install']
[-1790668163982440448.000s] Level 1:colcon.colcon_core.package_identification:_identify(log) by extension 'ignore'
[-1790668163982440448.000s] Level 1:colcon.colcon_core.package_identification:_identify(log) ignored
[-1790668163982440448.000s] Level 1:colcon.colcon_core.package_identification:_identify(src) by extensions ['ignore', 'ignore_ament_install']
[-1790668163982440448.000s] Level 1:colcon.colcon_core.package_identification:_identify(src) by extension 'ignore'
[-1790668163982440448.000s] Level 1:colcon.colcon_core.package_identification:_identify(src) by extension 'ignore_ament_install'
[-1790668163982440448.000s] Level 1:colcon.colcon_core.package_identification:_identify(src) by extensions ['colcon_pkg']
[-1790668163982440448.000s] Level 1:colcon.colcon_core.package_identification:_identify(src) by extension 'colcon_pkg'
[-1790668163982440448.000s] Level 1:colcon.colcon_core.package_identification:_identify(src) by extensions ['colcon_meta']
[-1790668163982440448.000s] Level 1:colcon.colcon_core.package_identification:_identify(src) by extension 'colcon_meta'
[-1790668163982440448.000s] Level 1:colcon.colcon_core.package_identification:_identify(src) by extensions ['ros']
[-1790668163982440448.000s] Level 1:colcon.colcon_core.package_identification:_identify(src) by extension 'ros'
[-1790668163982440448.000s] Level 1:colcon.colcon_core.package_identification:_identify(src) by extensions ['cmake', 'python']
[-1790668163982440448.000s] Level 1:colcon.colcon_core.package_identification:_identify(src) by extension 'cmake'
[-1790668163982440448.000s] Level 1:colcon.colcon_core.package_identification:_identify(src) by extension 'python'
[-1790668163982440448.000s] Level 1:colcon.colcon_core.package_identification:_identify(src) by extensions ['python_setup_py']
[-1790668163982440448.000s] Level 1:colcon.colcon_core.package_identification:_identify(src) by extension 'python_setup_py'
[-1790668163982440448.000s] Level 1:colcon.colcon_core.package_identification:_identify(src/astar) by extensions ['ignore', 'ignore_ament_install']
[-1790668163982440448.000s] Level 1:colcon.colcon_core.package_identification:_identify(src/astar) by extension 'ignore'
[-1790668163982440448.000s] Level 1:colcon.colcon_core.package_identification:_identify(src/astar) by extension 'ignore_ament_install'
[-1790668163982440448.000s] Level 1:colcon.colcon_core.package_identification:_identify(src/astar) by extensions ['colcon_pkg']
[-1790668163982440448.000s] Level 1:colcon.colcon_core.package_identification:_identify(src/astar) by extension 'colcon_pkg'
[-1790668163982440448.000s] Level 1:colcon.colcon_core.package_identification:_identify(src/astar) by extensions ['colcon_meta']
[-1790668163982440448.000s] Level 1:colcon.colcon_core.package_identification:_identify(src/astar) by extension 'colcon_meta'
[-1790668163982440448.000s] Level 1:colcon.colcon_core.package_identification:_identify(src/astar) by extensions ['ros']
[-1790668163982440448.000s] Level 1:colcon.colcon_core.package_identification:_identify(src/astar) by extension 'ros'
[-1790668163982440448.000s] DEBUG:colcon.colcon_core.package_identification:Package 'src/astar' with type 'ros.ament_cmake' and name 'astar'
[-1790668163982440448.000s] Level 1:colcon.colcon_core.package_discovery:discover_packages(recursive) using defaults
[-1790668163982440448.000s] Level 1:colcon.colcon_core.package_discovery:discover_packages(ignore) discover
[-1790668163982440448.000s] Level 1:colcon.colcon_core.package_discovery:discover_packages(ignore) using defaults
[-1790668163982440448.000s] Level 1:colcon.colcon_core.package_discovery:discover_packages(path) discover
[-1790668163982440448.000s] Level 1:colcon.colcon_core.package_discovery:discover_packages(path) using defaults
[-1790668163982440448.000s] Level 1:colcon.colcon_core.package_discovery:discover_packages(prefix_path) check parameters
[-1790668163982440448.000s] Level 1:colcon.colcon_core.package_discovery:discover_packages(prefix_path) discover
[-1790668163982440448.000s] DEBUG:colcon.colcon_installed_package_information.package_discovery:Found 287 installed packages in /opt/ros/lyrical
[-1790668163982440448.000s] Level 1:colcon.colcon_core.package_discovery:discover_packages(prefix_path) using defaults
[-1790668163982440448.000s] Level 5:colcon.colcon_core.verb:set package 'astar' build argument 'cmake_args' from command line to 'None'
[-1790668163982440448.000s] Level 5:colcon.colcon_core.verb:set package 'astar' build argument 'cmake_target' from command line to 'None'
[-1790668163982440448.000s] Level 5:colcon.colcon_core.verb:set package 'astar' build argument 'cmake_target_skip_unavailable' from command line to 'False'
[-1790668163982440448.000s] Level 5:colcon.colcon_core.verb:set package 'astar' build argument 'cmake_clean_cache' from command line to 'False'
[-1790668163982440448.000s] Level 5:colcon.colcon_core.verb:set package 'astar' build argument 'cmake_clean_first' from command line to 'False'
[-1790668163982440448.000s] Level 5:colcon.colcon_core.verb:set package 'astar' build argument 'cmake_force_configure' from command line to 'False'
[-1790668163982440448.000s] Level 5:colcon.colcon_core.verb:set package 'astar' build argument 'ament_cmake_args' from command line to 'None'
[-1790668163982440448.000s] Level 5:colcon.colcon_core.verb:set package 'astar' build argument 'catkin_cmake_args' from command line to 'None'
[-1790668163982440448.000s] Level 5:colcon.colcon_core.verb:set package 'astar' build argument 'catkin_skip_building_tests' from command line to 'False'
[-1790668163982440448.000s] DEBUG:colcon.colcon_core.verb:Building package 'astar' with the following arguments: {'ament_cmake_args': None, 'build_base': '/home/allan/ros2_ws/build/astar', 'catkin_cmake_args': None, 'catkin_skip_building_tests': False, 'cmake_args': None, 'cmake_clean_cache': False, 'cmake_clean_first': False, 'cmake_force_configure': False, 'cmake_target': None, 'cmake_target_skip_unavailable': False, 'install_base': '/home/allan/ros2_ws/install/astar', 'merge_install': False, 'path': '/home/allan/ros2_ws/src/astar', 'symlink_install': False, 'test_result_base': None}
[-1790668163982440448.000s] INFO:colcon.colcon_core.executor:Executing jobs using 'parallel' executor
[-1790668163982440448.000s] DEBUG:colcon.colcon_parallel_executor.executor.parallel:run_until_complete
[-1790668163982440448.000s] INFO:colcon.colcon_ros.task.ament_cmake.build:Building ROS package in '/home/allan/ros2_ws/src/astar' with build type 'ament_cmake'
[-1790668163982440448.000s] INFO:colcon.colcon_cmake.task.cmake.build:Building CMake package in '/home/allan/ros2_ws/src/astar'
[-1790668163982440448.000s] INFO:colcon.colcon_core.plugin_system:Skipping extension 'colcon_core.shell.bat': Not used on non-Windows systems
[-1790668163982440448.000s] INFO:colcon.colcon_core.shell:Skip shell extension 'powershell' for command environment: Not usable outside of PowerShell
[-1790668163982440448.000s] DEBUG:colcon.colcon_core.shell:Skip shell extension 'dsv' for command environment
[-1790668163982440448.000s] DEBUG:colcon.colcon_core.event_handler.log_command:Invoking command in '/home/allan/ros2_ws/build/astar': CMAKE_PREFIX_PATH=${CMAKE_PREFIX_PATH}:/opt/ros/lyrical DEBUGINFOD_URLS=https://debuginfod.ubuntu.com /usr/bin/cmake /home/allan/ros2_ws/src/astar -DCMAKE_INSTALL_PREFIX=/home/allan/ros2_ws/install/astar
[-1790668163982440448.000s] DEBUG:colcon.colcon_core.event_handler.log_command:Invoked command in '/home/allan/ros2_ws/build/astar' returned '0': CMAKE_PREFIX_PATH=${CMAKE_PREFIX_PATH}:/opt/ros/lyrical DEBUGINFOD_URLS=https://debuginfod.ubuntu.com /usr/bin/cmake /home/allan/ros2_ws/src/astar -DCMAKE_INSTALL_PREFIX=/home/allan/ros2_ws/install/astar
[-1790668163982440448.000s] DEBUG:colcon.colcon_core.event_handler.log_command:Invoking command in '/home/allan/ros2_ws/build/astar': CMAKE_PREFIX_PATH=${CMAKE_PREFIX_PATH}:/opt/ros/lyrical DEBUGINFOD_URLS=https://debuginfod.ubuntu.com /usr/bin/cmake --build /home/allan/ros2_ws/build/astar -- -j8 -l8
[-1790668163982440448.000s] DEBUG:colcon.colcon_core.event_handler.log_command:Invoked command in '/home/allan/ros2_ws/build/astar' returned '0': CMAKE_PREFIX_PATH=${CMAKE_PREFIX_PATH}:/opt/ros/lyrical DEBUGINFOD_URLS=https://debuginfod.ubuntu.com /usr/bin/cmake --build /home/allan/ros2_ws/build/astar -- -j8 -l8
[-1790668163982440448.000s] DEBUG:colcon.colcon_core.event_handler.log_command:Invoking command in '/home/allan/ros2_ws/build/astar': CMAKE_PREFIX_PATH=${CMAKE_PREFIX_PATH}:/opt/ros/lyrical DEBUGINFOD_URLS=https://debuginfod.ubuntu.com /usr/bin/cmake --install /home/allan/ros2_ws/build/astar
[-1790668163982440448.000s] Level 1:colcon.colcon_core.environment:create_environment_scripts_only(astar)
[-1790668163982440448.000s] DEBUG:colcon.colcon_core.event_handler.log_command:Invoked command in '/home/allan/ros2_ws/build/astar' returned '0': CMAKE_PREFIX_PATH=${CMAKE_PREFIX_PATH}:/opt/ros/lyrical DEBUGINFOD_URLS=https://debuginfod.ubuntu.com /usr/bin/cmake --install /home/allan/ros2_ws/build/astar
[-1790668163982440448.000s] Level 1:colcon.colcon_core.environment:checking '/home/allan/ros2_ws/install/astar' for CMake module files
[-1790668163982440448.000s] Level 1:colcon.colcon_core.environment:checking '/home/allan/ros2_ws/install/astar' for CMake config files
[-1790668163982440448.000s] Level 1:colcon.colcon_core.shell:create_environment_hook('astar', 'cmake_prefix_path')
[-1790668163982440448.000s] INFO:colcon.colcon_core.shell:Creating environment hook '/home/allan/ros2_ws/install/astar/share/astar/hook/cmake_prefix_path.ps1'
[-1790668163982440448.000s] INFO:colcon.colcon_core.shell:Creating environment descriptor '/home/allan/ros2_ws/install/astar/share/astar/hook/cmake_prefix_path.dsv'
[-1790668163982440448.000s] INFO:colcon.colcon_core.shell:Creating environment hook '/home/allan/ros2_ws/install/astar/share/astar/hook/cmake_prefix_path.sh'
[-1790668163982440448.000s] Level 1:colcon.colcon_core.environment:checking '/home/allan/ros2_ws/install/astar/lib'
[-1790668163982440448.000s] Level 1:colcon.colcon_core.environment:checking '/home/allan/ros2_ws/install/astar/bin'
[-1790668163982440448.000s] Level 1:colcon.colcon_core.environment:checking '/home/allan/ros2_ws/install/astar/lib/pkgconfig/astar.pc'
[-1790668163982440448.000s] Level 1:colcon.colcon_core.environment:checking '/home/allan/ros2_ws/install/astar/lib/python3.14/site-packages'
[-1790668163982440448.000s] Level 1:colcon.colcon_core.environment:checking '/home/allan/ros2_ws/install/astar/bin'
[-1790668163982440448.000s] INFO:colcon.colcon_core.shell:Creating package script '/home/allan/ros2_ws/install/astar/share/astar/package.ps1'
[-1790668163982440448.000s] INFO:colcon.colcon_core.shell:Creating package descriptor '/home/allan/ros2_ws/install/astar/share/astar/package.dsv'
[-1790668163982440448.000s] INFO:colcon.colcon_core.shell:Creating package script '/home/allan/ros2_ws/install/astar/share/astar/package.sh'
[-1790668163982440448.000s] INFO:colcon.colcon_core.shell:Creating package script '/home/allan/ros2_ws/install/astar/share/astar/package.bash'
[-1790668163982440448.000s] INFO:colcon.colcon_core.shell:Creating package script '/home/allan/ros2_ws/install/astar/share/astar/package.zsh'
[-1790668163982440448.000s] Level 1:colcon.colcon_core.environment:create_file_with_runtime_dependencies(/home/allan/ros2_ws/install/astar/share/colcon-core/packages/astar)
[-1790668163982440448.000s] Level 1:colcon.colcon_core.environment:create_environment_scripts_only(astar)
[-1790668163982440448.000s] Level 1:colcon.colcon_core.environment:checking '/home/allan/ros2_ws/install/astar' for CMake module files
[-1790668163982440448.000s] Level 1:colcon.colcon_core.environment:checking '/home/allan/ros2_ws/install/astar' for CMake config files
[-1790668163982440448.000s] Level 1:colcon.colcon_core.shell:create_environment_hook('astar', 'cmake_prefix_path')
[-1790668163982440448.000s] INFO:colcon.colcon_core.shell:Creating environment hook '/home/allan/ros2_ws/install/astar/share/astar/hook/cmake_prefix_path.ps1'
[-1790668163982440448.000s] INFO:colcon.colcon_core.shell:Creating environment descriptor '/home/allan/ros2_ws/install/astar/share/astar/hook/cmake_prefix_path.dsv'
[-1790668163982440448.000s] INFO:colcon.colcon_core.shell:Creating environment hook '/home/allan/ros2_ws/install/astar/share/astar/hook/cmake_prefix_path.sh'
[-1790668163982440448.000s] Level 1:colcon.colcon_core.environment:checking '/home/allan/ros2_ws/install/astar/lib'
[-1790668163982440448.000s] Level 1:colcon.colcon_core.environment:checking '/home/allan/ros2_ws/install/astar/bin'
[-1790668163982440448.000s] Level 1:colcon.colcon_core.environment:checking '/home/allan/ros2_ws/install/astar/lib/pkgconfig/astar.pc'
[-1790668163982440448.000s] Level 1:colcon.colcon_core.environment:checking '/home/allan/ros2_ws/install/astar/lib/python3.14/site-packages'
[-1790668163982440448.000s] Level 1:colcon.colcon_core.environment:checking '/home/allan/ros2_ws/install/astar/bin'
[-1790668163982440448.000s] INFO:colcon.colcon_core.shell:Creating package script '/home/allan/ros2_ws/install/astar/share/astar/package.ps1'
[-1790668163982440448.000s] INFO:colcon.colcon_core.shell:Creating package descriptor '/home/allan/ros2_ws/install/astar/share/astar/package.dsv'
[-1790668163982440448.000s] INFO:colcon.colcon_core.shell:Creating package script '/home/allan/ros2_ws/install/astar/share/astar/package.sh'
[-1790668163982440448.000s] INFO:colcon.colcon_core.shell:Creating package script '/home/allan/ros2_ws/install/astar/share/astar/package.bash'
[-1790668163982440448.000s] INFO:colcon.colcon_core.shell:Creating package script '/home/allan/ros2_ws/install/astar/share/astar/package.zsh'
[-1790668163982440448.000s] Level 1:colcon.colcon_core.environment:create_file_with_runtime_dependencies(/home/allan/ros2_ws/install/astar/share/colcon-core/packages/astar)
[-1790668163982440448.000s] DEBUG:colcon.colcon_parallel_executor.executor.parallel:closing loop
[-1790668163982440448.000s] DEBUG:colcon.colcon_parallel_executor.executor.parallel:loop closed
[-1790668163982440448.000s] DEBUG:colcon.colcon_parallel_executor.executor.parallel:run_until_complete finished with '0'
[-1790668163982440448.000s] DEBUG:colcon.colcon_core.event_reactor:joining thread
[-1790668163982440448.000s] INFO:colcon.colcon_core.plugin_system:Skipping extension 'colcon_notification.desktop_notification.terminal_notifier': Not used on non-Darwin systems
[-1790668163982440448.000s] INFO:colcon.colcon_core.plugin_system:Skipping extension 'colcon_notification.desktop_notification.win32': Not used on non-Windows systems
[-1790668163982440448.000s] INFO:colcon.colcon_notification.desktop_notification:Sending desktop notification using 'notify2'
[-1790668163982440448.000s] DEBUG:colcon.colcon_core.event_reactor:joined thread
[-1790668163982440448.000s] INFO:colcon.colcon_core.shell:Creating prefix script '/home/allan/ros2_ws/install/local_setup.ps1'
[-1790668163982440448.000s] INFO:colcon.colcon_core.shell:Creating prefix util module '/home/allan/ros2_ws/install/_local_setup_util_ps1.py'
[-1790668163982440448.000s] INFO:colcon.colcon_core.shell:Creating prefix chain script '/home/allan/ros2_ws/install/setup.ps1'
[-1790668163982440448.000s] INFO:colcon.colcon_core.shell:Creating prefix script '/home/allan/ros2_ws/install/local_setup.sh'
[-1790668163982440448.000s] INFO:colcon.colcon_core.shell:Creating prefix util module '/home/allan/ros2_ws/install/_local_setup_util_sh.py'
[-1790668163982440448.000s] INFO:colcon.colcon_core.shell:Creating prefix chain script '/home/allan/ros2_ws/install/setup.sh'
[-1790668163982440448.000s] INFO:colcon.colcon_core.shell:Creating prefix script '/home/allan/ros2_ws/install/local_setup.bash'
[-1790668163982440448.000s] INFO:colcon.colcon_core.shell:Creating prefix chain script '/home/allan/ros2_ws/install/setup.bash'
[-1790668163982440448.000s] INFO:colcon.colcon_core.shell:Creating prefix script '/home/allan/ros2_ws/install/local_setup.zsh'
[-1790668163982440448.000s] INFO:colcon.colcon_core.shell:Creating prefix chain script '/home/allan/ros2_ws/install/setup.zsh'
